// Jest Snapshot v1, https://goo.gl/fbAQLP

exports[`Watch renders Watch 1`] = `
<div
  className="watch-grid"
>
  <Video
    className="video"
    id="-7fuHEEmEjs"
  />
  <div
    className="metadata"
    style={
      Object {
        "background": "#F91112",
        "height": "100px",
        "width": "100%",
      }
    }
  >
    Metadata
  </div>
  <div
    className="video-info-box"
    style={
      Object {
        "background": "orange",
        "height": "100px",
        "width": "100%",
      }
    }
  >
    Info
  </div>
  <div
    className="comments"
    style={
      Object {
        "background": "green",
        "height": "100px",
        "width": "100%",
      }
    }
  >
    Comments
  </div>
  <RelatedVideos
    className="relatedVideos"
  />
</div>
`;
