// Jest Snapshot v1, https://goo.gl/fbAQLP

exports[`VideoMetadata renders VideoMetadata 1`] = `
<div
  className="video-metadata"
>
  <h3>
    Video Title
  </h3>
  <div
    className="video-stats"
  >
    <span>
       1,000 views
    </span>
    <div
      className="video-action"
    >
      <Rating
        dislikeCount={1}
        likeCount={20}
      />
      <Button
        as="button"
        basic={true}
        icon={true}
        labelposition="left"
      >
        <Icon
          as="i"
          name="share"
        />
        Share
      </Button>
      <Button
        as="button"
        basic={true}
        icon={true}
      >
        <Icon
          as="i"
          name="add circle"
        />
      </Button>
    </div>
  </div>
  <Divider />
</div>
`;

exports[`VideoMetadata renders VideoMetadata with viewCount 1`] = `
<div
  className="video-metadata"
>
  <h3>
    Video Title
  </h3>
  <div
    className="video-stats"
  >
    <span>
       1,000 views
    </span>
    <div
      className="video-action"
    >
      <Rating
        dislikeCount={1}
        likeCount={20}
      />
      <Button
        as="button"
        basic={true}
        icon={true}
        labelposition="left"
      >
        <Icon
          as="i"
          name="share"
        />
        Share
      </Button>
      <Button
        as="button"
        basic={true}
        icon={true}
      >
        <Icon
          as="i"
          name="add circle"
        />
      </Button>
    </div>
  </div>
  <Divider />
</div>
`;

exports[`VideoMetadata renders VideoMetadata without props 1`] = `
<div
  className="video-metadata"
>
  <h3>
    Video Title
  </h3>
  <div
    className="video-stats"
  >
    <span>
       1,000 views
    </span>
    <div
      className="video-action"
    >
      <Rating
        dislikeCount={1}
        likeCount={20}
      />
      <Button
        as="button"
        basic={true}
        icon={true}
        labelposition="left"
      >
        <Icon
          as="i"
          name="share"
        />
        Share
      </Button>
      <Button
        as="button"
        basic={true}
        icon={true}
      >
        <Icon
          as="i"
          name="add circle"
        />
      </Button>
    </div>
  </div>
  <Divider />
</div>
`;
