// Jest Snapshot v1, https://goo.gl/fbAQLP

exports[`SingleComment renders SingleComment 1`] = `
<div
  className="single-comment"
>
  <Image
    as="img"
    circular={true}
    className="user-image"
    src="http://via.placeholder.com/48x48"
    ui={true}
  />
  <div>
    <div
      className="user-name"
    >
      User Name
    </div>
    <span>
      Comment texts
    </span>
    <div
      className="comment-actions"
    >
      <Rating
        ikeCount={1}
      />
      <Button
        as="button"
        compact={true}
        size="mini"
      >
        Reply
      </Button>
    </div>
  </div>
</div>
`;
