// Jest Snapshot v1, https://goo.gl/fbAQLP

exports[`CommentHeader renders CommentHeader 1`] = `
<div
  className="comments-header"
>
  <h4>
    Comments
  </h4>
  <Button
    as="button"
    basic={true}
    compact={true}
    icon={true}
    labelPosition="left"
  >
    <Icon
      as="i"
      name="align-left"
    />
    Sort By
  </Button>
</div>
`;

exports[`CommentHeader renders CommentHeader with props.amountComment= null 1`] = `
<div
  className="comments-header"
>
  <h4>
     Comments
  </h4>
  <Button
    as="button"
    basic={true}
    compact={true}
    icon={true}
    labelPosition="left"
  >
    <Icon
      as="i"
      name="align-left"
    />
    Sort By
  </Button>
</div>
`;

exports[`CommentHeader renders CommentHeader with props.amountComments= 123 1`] = `
<div
  className="comments-header"
>
  <h4>
    123
     Comments
  </h4>
  <Button
    as="button"
    basic={true}
    compact={true}
    icon={true}
    labelPosition="left"
  >
    <Icon
      as="i"
      name="align-left"
    />
    Sort By
  </Button>
</div>
`;
